2025-05-28 11:24:49,825 [Worker-1: Loading available Gradle versions] INFO  o.e.b.c.i.u.g.PublishedGradleVersions - Gradle version information cache is not available. Remote download required.
2025-05-29 23:29:11,066 [Worker-73: Launching mavenrun-fb9e9964-b0e1-4866-b45f-452d8c1da69a] INFO  o.eclipse.m2e.core.internal.Bundles - getClasspathEntries(Bundle=org.eclipse.m2e.maven.runtime_3.9.900.20250220-2013 [298])
2025-05-29 23:29:11,094 [Worker-73: Launching mavenrun-fb9e9964-b0e1-4866-b45f-452d8c1da69a] INFO  o.eclipse.m2e.core.internal.Bundles - 	Entry: C:\Users\Darshit\.p2\pool\plugins\org.eclipse.m2e.maven.runtime_3.9.900.20250220-2013
2025-05-29 23:29:11,095 [Worker-73: Launching mavenrun-fb9e9964-b0e1-4866-b45f-452d8c1da69a] INFO  o.eclipse.m2e.core.internal.Bundles - 	Entry: C:\Users\Darshit\.p2\pool\plugins\org.eclipse.m2e.maven.runtime_3.9.900.20250220-2013\jars\aopalliance-1.0.jar
2025-05-29 23:29:11,096 [Worker-73: Launching mavenrun-fb9e9964-b0e1-4866-b45f-452d8c1da69a] INFO  o.eclipse.m2e.core.internal.Bundles - 	Entry: C:\Users\Darshit\.p2\pool\plugins\org.eclipse.m2e.maven.runtime_3.9.900.20250220-2013\jars\guice-5.1.0.jar
2025-05-29 23:29:11,096 [Worker-73: Launching mavenrun-fb9e9964-b0e1-4866-b45f-452d8c1da69a] INFO  o.eclipse.m2e.core.internal.Bundles - 	Entry: C:\Users\Darshit\.p2\pool\plugins\org.eclipse.m2e.maven.runtime_3.9.900.20250220-2013\jars\httpclient-4.5.14.jar
2025-05-29 23:29:11,096 [Worker-73: Launching mavenrun-fb9e9964-b0e1-4866-b45f-452d8c1da69a] INFO  o.eclipse.m2e.core.internal.Bundles - 	Entry: C:\Users\Darshit\.p2\pool\plugins\org.eclipse.m2e.maven.runtime_3.9.900.20250220-2013\jars\httpcore-4.4.16.jar
2025-05-29 23:29:11,097 [Worker-73: Launching mavenrun-fb9e9964-b0e1-4866-b45f-452d8c1da69a] INFO  o.eclipse.m2e.core.internal.Bundles - 	Entry: C:\Users\Darshit\.p2\pool\plugins\org.eclipse.m2e.maven.runtime_3.9.900.20250220-2013\jars\jansi-2.4.1.jar
2025-05-29 23:29:11,097 [Worker-73: Launching mavenrun-fb9e9964-b0e1-4866-b45f-452d8c1da69a] INFO  o.eclipse.m2e.core.internal.Bundles - 	Entry: C:\Users\Darshit\.p2\pool\plugins\org.eclipse.m2e.maven.runtime_3.9.900.20250220-2013\jars\jcl-over-slf4j-1.7.36.jar
2025-05-29 23:29:11,099 [Worker-73: Launching mavenrun-fb9e9964-b0e1-4866-b45f-452d8c1da69a] INFO  o.eclipse.m2e.core.internal.Bundles - 	Entry: C:\Users\Darshit\.p2\pool\plugins\org.eclipse.m2e.maven.runtime_3.9.900.20250220-2013\jars\maven-artifact-3.9.9.jar
2025-05-29 23:29:11,099 [Worker-73: Launching mavenrun-fb9e9964-b0e1-4866-b45f-452d8c1da69a] INFO  o.eclipse.m2e.core.internal.Bundles - 	Entry: C:\Users\Darshit\.p2\pool\plugins\org.eclipse.m2e.maven.runtime_3.9.900.20250220-2013\jars\maven-builder-support-3.9.9.jar
2025-05-29 23:29:11,099 [Worker-73: Launching mavenrun-fb9e9964-b0e1-4866-b45f-452d8c1da69a] INFO  o.eclipse.m2e.core.internal.Bundles - 	Entry: C:\Users\Darshit\.p2\pool\plugins\org.eclipse.m2e.maven.runtime_3.9.900.20250220-2013\jars\maven-compat-3.9.9.jar
2025-05-29 23:29:11,099 [Worker-73: Launching mavenrun-fb9e9964-b0e1-4866-b45f-452d8c1da69a] INFO  o.eclipse.m2e.core.internal.Bundles - 	Entry: C:\Users\Darshit\.p2\pool\plugins\org.eclipse.m2e.maven.runtime_3.9.900.20250220-2013\jars\maven-core-3.9.9.jar
2025-05-29 23:29:11,099 [Worker-73: Launching mavenrun-fb9e9964-b0e1-4866-b45f-452d8c1da69a] INFO  o.eclipse.m2e.core.internal.Bundles - 	Entry: C:\Users\Darshit\.p2\pool\plugins\org.eclipse.m2e.maven.runtime_3.9.900.20250220-2013\jars\maven-embedder-3.9.9.jar
2025-05-29 23:29:11,099 [Worker-73: Launching mavenrun-fb9e9964-b0e1-4866-b45f-452d8c1da69a] INFO  o.eclipse.m2e.core.internal.Bundles - 	Entry: C:\Users\Darshit\.p2\pool\plugins\org.eclipse.m2e.maven.runtime_3.9.900.20250220-2013\jars\maven-model-3.9.9.jar
2025-05-29 23:29:11,100 [Worker-73: Launching mavenrun-fb9e9964-b0e1-4866-b45f-452d8c1da69a] INFO  o.eclipse.m2e.core.internal.Bundles - 	Entry: C:\Users\Darshit\.p2\pool\plugins\org.eclipse.m2e.maven.runtime_3.9.900.20250220-2013\jars\maven-model-builder-3.9.9.jar
2025-05-29 23:29:11,100 [Worker-73: Launching mavenrun-fb9e9964-b0e1-4866-b45f-452d8c1da69a] INFO  o.eclipse.m2e.core.internal.Bundles - 	Entry: C:\Users\Darshit\.p2\pool\plugins\org.eclipse.m2e.maven.runtime_3.9.900.20250220-2013\jars\maven-plugin-api-3.9.9.jar
2025-05-29 23:29:11,100 [Worker-73: Launching mavenrun-fb9e9964-b0e1-4866-b45f-452d8c1da69a] INFO  o.eclipse.m2e.core.internal.Bundles - 	Entry: C:\Users\Darshit\.p2\pool\plugins\org.eclipse.m2e.maven.runtime_3.9.900.20250220-2013\jars\maven-repository-metadata-3.9.9.jar
2025-05-29 23:29:11,101 [Worker-73: Launching mavenrun-fb9e9964-b0e1-4866-b45f-452d8c1da69a] INFO  o.eclipse.m2e.core.internal.Bundles - 	Entry: C:\Users\Darshit\.p2\pool\plugins\org.eclipse.m2e.maven.runtime_3.9.900.20250220-2013\jars\maven-resolver-api-1.9.22.jar
2025-05-29 23:29:11,101 [Worker-73: Launching mavenrun-fb9e9964-b0e1-4866-b45f-452d8c1da69a] INFO  o.eclipse.m2e.core.internal.Bundles - 	Entry: C:\Users\Darshit\.p2\pool\plugins\org.eclipse.m2e.maven.runtime_3.9.900.20250220-2013\jars\maven-resolver-connector-basic-1.9.22.jar
2025-05-29 23:29:11,101 [Worker-73: Launching mavenrun-fb9e9964-b0e1-4866-b45f-452d8c1da69a] INFO  o.eclipse.m2e.core.internal.Bundles - 	Entry: C:\Users\Darshit\.p2\pool\plugins\org.eclipse.m2e.maven.runtime_3.9.900.20250220-2013\jars\maven-resolver-impl-1.9.22.jar
2025-05-29 23:29:11,101 [Worker-73: Launching mavenrun-fb9e9964-b0e1-4866-b45f-452d8c1da69a] INFO  o.eclipse.m2e.core.internal.Bundles - 	Entry: C:\Users\Darshit\.p2\pool\plugins\org.eclipse.m2e.maven.runtime_3.9.900.20250220-2013\jars\maven-resolver-named-locks-1.9.22.jar
2025-05-29 23:29:11,101 [Worker-73: Launching mavenrun-fb9e9964-b0e1-4866-b45f-452d8c1da69a] INFO  o.eclipse.m2e.core.internal.Bundles - 	Entry: C:\Users\Darshit\.p2\pool\plugins\org.eclipse.m2e.maven.runtime_3.9.900.20250220-2013\jars\maven-resolver-provider-3.9.9.jar
2025-05-29 23:29:11,101 [Worker-73: Launching mavenrun-fb9e9964-b0e1-4866-b45f-452d8c1da69a] INFO  o.eclipse.m2e.core.internal.Bundles - 	Entry: C:\Users\Darshit\.p2\pool\plugins\org.eclipse.m2e.maven.runtime_3.9.900.20250220-2013\jars\maven-resolver-spi-1.9.22.jar
2025-05-29 23:29:11,101 [Worker-73: Launching mavenrun-fb9e9964-b0e1-4866-b45f-452d8c1da69a] INFO  o.eclipse.m2e.core.internal.Bundles - 	Entry: C:\Users\Darshit\.p2\pool\plugins\org.eclipse.m2e.maven.runtime_3.9.900.20250220-2013\jars\maven-resolver-transport-file-1.9.22.jar
2025-05-29 23:29:11,102 [Worker-73: Launching mavenrun-fb9e9964-b0e1-4866-b45f-452d8c1da69a] INFO  o.eclipse.m2e.core.internal.Bundles - 	Entry: C:\Users\Darshit\.p2\pool\plugins\org.eclipse.m2e.maven.runtime_3.9.900.20250220-2013\jars\maven-resolver-transport-http-1.9.22.jar
2025-05-29 23:29:11,102 [Worker-73: Launching mavenrun-fb9e9964-b0e1-4866-b45f-452d8c1da69a] INFO  o.eclipse.m2e.core.internal.Bundles - 	Entry: C:\Users\Darshit\.p2\pool\plugins\org.eclipse.m2e.maven.runtime_3.9.900.20250220-2013\jars\maven-resolver-transport-wagon-1.9.22.jar
2025-05-29 23:29:11,102 [Worker-73: Launching mavenrun-fb9e9964-b0e1-4866-b45f-452d8c1da69a] INFO  o.eclipse.m2e.core.internal.Bundles - 	Entry: C:\Users\Darshit\.p2\pool\plugins\org.eclipse.m2e.maven.runtime_3.9.900.20250220-2013\jars\maven-resolver-util-1.9.22.jar
2025-05-29 23:29:11,103 [Worker-73: Launching mavenrun-fb9e9964-b0e1-4866-b45f-452d8c1da69a] INFO  o.eclipse.m2e.core.internal.Bundles - 	Entry: C:\Users\Darshit\.p2\pool\plugins\org.eclipse.m2e.maven.runtime_3.9.900.20250220-2013\jars\maven-settings-3.9.9.jar
2025-05-29 23:29:11,103 [Worker-73: Launching mavenrun-fb9e9964-b0e1-4866-b45f-452d8c1da69a] INFO  o.eclipse.m2e.core.internal.Bundles - 	Entry: C:\Users\Darshit\.p2\pool\plugins\org.eclipse.m2e.maven.runtime_3.9.900.20250220-2013\jars\maven-settings-builder-3.9.9.jar
2025-05-29 23:29:11,104 [Worker-73: Launching mavenrun-fb9e9964-b0e1-4866-b45f-452d8c1da69a] INFO  o.eclipse.m2e.core.internal.Bundles - 	Entry: C:\Users\Darshit\.p2\pool\plugins\org.eclipse.m2e.maven.runtime_3.9.900.20250220-2013\jars\maven-shared-utils-3.4.2.jar
2025-05-29 23:29:11,104 [Worker-73: Launching mavenrun-fb9e9964-b0e1-4866-b45f-452d8c1da69a] INFO  o.eclipse.m2e.core.internal.Bundles - 	Entry: C:\Users\Darshit\.p2\pool\plugins\org.eclipse.m2e.maven.runtime_3.9.900.20250220-2013\jars\org.eclipse.sisu.inject-0.9.0.M3.jar
2025-05-29 23:29:11,105 [Worker-73: Launching mavenrun-fb9e9964-b0e1-4866-b45f-452d8c1da69a] INFO  o.eclipse.m2e.core.internal.Bundles - 	Entry: C:\Users\Darshit\.p2\pool\plugins\org.eclipse.m2e.maven.runtime_3.9.900.20250220-2013\jars\org.eclipse.sisu.plexus-0.9.0.M3.jar
2025-05-29 23:29:11,105 [Worker-73: Launching mavenrun-fb9e9964-b0e1-4866-b45f-452d8c1da69a] INFO  o.eclipse.m2e.core.internal.Bundles - 	Entry: C:\Users\Darshit\.p2\pool\plugins\org.eclipse.m2e.maven.runtime_3.9.900.20250220-2013\jars\plexus-build-api-0.0.7.jar
2025-05-29 23:29:11,105 [Worker-73: Launching mavenrun-fb9e9964-b0e1-4866-b45f-452d8c1da69a] INFO  o.eclipse.m2e.core.internal.Bundles - 	Entry: C:\Users\Darshit\.p2\pool\plugins\org.eclipse.m2e.maven.runtime_3.9.900.20250220-2013\jars\plexus-build-api-1.2.0.jar
2025-05-29 23:29:11,105 [Worker-73: Launching mavenrun-fb9e9964-b0e1-4866-b45f-452d8c1da69a] INFO  o.eclipse.m2e.core.internal.Bundles - 	Entry: C:\Users\Darshit\.p2\pool\plugins\org.eclipse.m2e.maven.runtime_3.9.900.20250220-2013\jars\plexus-cipher-2.0.jar
2025-05-29 23:29:11,106 [Worker-73: Launching mavenrun-fb9e9964-b0e1-4866-b45f-452d8c1da69a] INFO  o.eclipse.m2e.core.internal.Bundles - 	Entry: C:\Users\Darshit\.p2\pool\plugins\org.eclipse.m2e.maven.runtime_3.9.900.20250220-2013\jars\plexus-classworlds-2.8.0.jar
2025-05-29 23:29:11,106 [Worker-73: Launching mavenrun-fb9e9964-b0e1-4866-b45f-452d8c1da69a] INFO  o.eclipse.m2e.core.internal.Bundles - 	Entry: C:\Users\Darshit\.p2\pool\plugins\org.eclipse.m2e.maven.runtime_3.9.900.20250220-2013\jars\plexus-component-annotations-2.1.0.jar
2025-05-29 23:29:11,106 [Worker-73: Launching mavenrun-fb9e9964-b0e1-4866-b45f-452d8c1da69a] INFO  o.eclipse.m2e.core.internal.Bundles - 	Entry: C:\Users\Darshit\.p2\pool\plugins\org.eclipse.m2e.maven.runtime_3.9.900.20250220-2013\jars\plexus-interpolation-1.27.jar
2025-05-29 23:29:11,107 [Worker-73: Launching mavenrun-fb9e9964-b0e1-4866-b45f-452d8c1da69a] INFO  o.eclipse.m2e.core.internal.Bundles - 	Entry: C:\Users\Darshit\.p2\pool\plugins\org.eclipse.m2e.maven.runtime_3.9.900.20250220-2013\jars\plexus-sec-dispatcher-2.0.jar
2025-05-29 23:29:11,107 [Worker-73: Launching mavenrun-fb9e9964-b0e1-4866-b45f-452d8c1da69a] INFO  o.eclipse.m2e.core.internal.Bundles - 	Entry: C:\Users\Darshit\.p2\pool\plugins\org.eclipse.m2e.maven.runtime_3.9.900.20250220-2013\jars\plexus-utils-3.5.1.jar
2025-05-29 23:29:11,107 [Worker-73: Launching mavenrun-fb9e9964-b0e1-4866-b45f-452d8c1da69a] INFO  o.eclipse.m2e.core.internal.Bundles - 	Entry: C:\Users\Darshit\.p2\pool\plugins\org.eclipse.m2e.maven.runtime_3.9.900.20250220-2013\jars\plexus-xml-3.0.1.jar
2025-05-29 23:29:11,107 [Worker-73: Launching mavenrun-fb9e9964-b0e1-4866-b45f-452d8c1da69a] INFO  o.eclipse.m2e.core.internal.Bundles - 	Entry: C:\Users\Darshit\.p2\pool\plugins\org.eclipse.m2e.maven.runtime_3.9.900.20250220-2013\jars\wagon-file-3.5.3.jar
2025-05-29 23:29:11,107 [Worker-73: Launching mavenrun-fb9e9964-b0e1-4866-b45f-452d8c1da69a] INFO  o.eclipse.m2e.core.internal.Bundles - 	Entry: C:\Users\Darshit\.p2\pool\plugins\org.eclipse.m2e.maven.runtime_3.9.900.20250220-2013\jars\wagon-http-3.5.3.jar
2025-05-29 23:29:11,107 [Worker-73: Launching mavenrun-fb9e9964-b0e1-4866-b45f-452d8c1da69a] INFO  o.eclipse.m2e.core.internal.Bundles - 	Entry: C:\Users\Darshit\.p2\pool\plugins\org.eclipse.m2e.maven.runtime_3.9.900.20250220-2013\jars\wagon-http-shared-3.5.3.jar
2025-05-29 23:29:11,107 [Worker-73: Launching mavenrun-fb9e9964-b0e1-4866-b45f-452d8c1da69a] INFO  o.eclipse.m2e.core.internal.Bundles - 	Entry: C:\Users\Darshit\.p2\pool\plugins\org.eclipse.m2e.maven.runtime_3.9.900.20250220-2013\jars\wagon-provider-api-3.5.3.jar
2025-05-29 23:29:11,113 [Worker-73: Launching mavenrun-fb9e9964-b0e1-4866-b45f-452d8c1da69a] INFO  o.eclipse.m2e.core.internal.Bundles - getClasspathEntries(Bundle=com.google.guava_33.4.0.jre [12])
2025-05-29 23:29:11,114 [Worker-73: Launching mavenrun-fb9e9964-b0e1-4866-b45f-452d8c1da69a] INFO  o.eclipse.m2e.core.internal.Bundles - 	Entry: C:\Users\Darshit\.p2\pool\plugins\com.google.guava_33.4.0.jre.jar
2025-05-29 23:29:11,114 [Worker-73: Launching mavenrun-fb9e9964-b0e1-4866-b45f-452d8c1da69a] INFO  o.eclipse.m2e.core.internal.Bundles - getClasspathEntries(Bundle=slf4j.api_2.0.17 [522])
2025-05-29 23:29:11,114 [Worker-73: Launching mavenrun-fb9e9964-b0e1-4866-b45f-452d8c1da69a] INFO  o.eclipse.m2e.core.internal.Bundles - 	Entry: C:\Users\Darshit\.p2\pool\plugins\slf4j.api_2.0.17.jar
2025-05-29 23:29:11,115 [Worker-73: Launching mavenrun-fb9e9964-b0e1-4866-b45f-452d8c1da69a] INFO  o.eclipse.m2e.core.internal.Bundles - getClasspathEntries(Bundle=jakarta.inject.jakarta.inject-api_1.0.5 [24])
2025-05-29 23:29:11,115 [Worker-73: Launching mavenrun-fb9e9964-b0e1-4866-b45f-452d8c1da69a] INFO  o.eclipse.m2e.core.internal.Bundles - 	Entry: C:\Users\Darshit\.p2\pool\plugins\jakarta.inject.jakarta.inject-api_1.0.5.jar
2025-05-29 23:29:11,115 [Worker-73: Launching mavenrun-fb9e9964-b0e1-4866-b45f-452d8c1da69a] INFO  o.eclipse.m2e.core.internal.Bundles - getClasspathEntries(Bundle=jakarta.annotation-api_1.3.5 [22])
2025-05-29 23:29:11,116 [Worker-73: Launching mavenrun-fb9e9964-b0e1-4866-b45f-452d8c1da69a] INFO  o.eclipse.m2e.core.internal.Bundles - 	Entry: C:\Users\Darshit\.p2\pool\plugins\jakarta.annotation-api_1.3.5.jar
2025-05-29 23:29:11,116 [Worker-73: Launching mavenrun-fb9e9964-b0e1-4866-b45f-452d8c1da69a] INFO  o.eclipse.m2e.core.internal.Bundles - getClasspathEntries(Bundle=org.apache.commons.cli_1.9.0 [48])
2025-05-29 23:29:11,116 [Worker-73: Launching mavenrun-fb9e9964-b0e1-4866-b45f-452d8c1da69a] INFO  o.eclipse.m2e.core.internal.Bundles - 	Entry: C:\Users\Darshit\.p2\pool\plugins\org.apache.commons.cli_1.9.0.jar
2025-05-29 23:29:11,117 [Worker-73: Launching mavenrun-fb9e9964-b0e1-4866-b45f-452d8c1da69a] INFO  o.eclipse.m2e.core.internal.Bundles - getClasspathEntries(Bundle=org.apache.commons.commons-codec_1.16.0 [49])
2025-05-29 23:29:11,117 [Worker-73: Launching mavenrun-fb9e9964-b0e1-4866-b45f-452d8c1da69a] INFO  o.eclipse.m2e.core.internal.Bundles - 	Entry: C:\Users\Darshit\.p2\pool\plugins\org.apache.commons.commons-codec_1.16.0.jar
2025-05-29 23:29:11,117 [Worker-73: Launching mavenrun-fb9e9964-b0e1-4866-b45f-452d8c1da69a] INFO  o.eclipse.m2e.core.internal.Bundles - getClasspathEntries(Bundle=com.google.guava.failureaccess_1.0.2 [13])
2025-05-29 23:29:11,117 [Worker-73: Launching mavenrun-fb9e9964-b0e1-4866-b45f-452d8c1da69a] INFO  o.eclipse.m2e.core.internal.Bundles - 	Entry: C:\Users\Darshit\.p2\pool\plugins\com.google.guava.failureaccess_1.0.2.jar
2025-05-29 23:29:11,388 [Worker-73: Launching mavenrun-fb9e9964-b0e1-4866-b45f-452d8c1da69a] INFO  o.e.m.i.launch.MavenLaunchDelegate - Run build in "C:\Users\Darshit\AppData\Local\Temp\m2e-archetypeGenerator12897731152515641845":
2025-05-29 23:29:11,401 [Worker-73: Launching mavenrun-fb9e9964-b0e1-4866-b45f-452d8c1da69a] INFO  o.e.m.i.launch.MavenLaunchDelegate -  mvn  -DarchetypeGroupId=org.apache.maven.archetypes -DarchetypeArtifactId=maven-archetype-quickstart -DarchetypeVersion=1.1 -DgroupId=com.abes -DartifactId=ride-booking-system -Dversion=0.0.1-SNAPSHOT -Dpackage=com.abes.ride_booking_system -DoutputDirectory="C:\Users\Darshit\OneDrive\Desktop\Ride Booking System" -Dstyle.color=always -U archetype:generate
2025-05-29 23:30:23,916 [Worker-82: Creating maven-archetype-quickstart] INFO  o.e.m.c.i.p.ProjectConfigurationManager - Collecting project info '/pom.xml' C:\Users\Darshit\OneDrive\Desktop\Ride Booking System\ride-booking-system\pom.xml
2025-05-29 23:30:27,074 [Worker-82: Creating maven-archetype-quickstart] INFO  o.e.m.c.i.l.LifecycleMappingFactory - Using org.eclipse.m2e.jdt.JarLifecycleMapping lifecycle mapping for MavenProject: com.abes:ride-booking-system:0.0.1-SNAPSHOT @ C:\Users\Darshit\OneDrive\Desktop\Ride Booking System\ride-booking-system\pom.xml.
2025-05-29 23:30:29,110 [Worker-82: Creating maven-archetype-quickstart] INFO  o.e.m.j.i.AbstractJavaProjectConfigurator - Adding source folder /ride-booking-system/src/main/java
2025-05-29 23:30:29,112 [Worker-82: Creating maven-archetype-quickstart] INFO  o.e.m.j.i.AbstractJavaProjectConfigurator - Adding resource folder /ride-booking-system/src/main/resources
2025-05-29 23:30:29,124 [Worker-82: Creating maven-archetype-quickstart] INFO  o.e.m.j.i.AbstractJavaProjectConfigurator - Adding source folder /ride-booking-system/src/test/java
2025-05-29 23:30:29,125 [Worker-82: Creating maven-archetype-quickstart] INFO  o.e.m.j.i.AbstractJavaProjectConfigurator - Adding resource folder /ride-booking-system/src/test/resources
2025-05-29 23:30:29,340 [Worker-82: Creating maven-archetype-quickstart] INFO  o.e.m.c.i.p.ProjectConfigurationManager - Imported and configured 1 project(s) in 5 sec
2025-05-29 23:30:31,083 [Worker-83: Building] INFO  o.a.m.s.f.DefaultMavenResourcesFiltering - skip non existing resourceDirectory C:\Users\Darshit\OneDrive\Desktop\Ride Booking System\ride-booking-system\src\main\resources
2025-05-29 23:30:31,089 [Worker-83: Building] INFO  o.a.m.s.f.DefaultMavenResourcesFiltering - skip non existing resourceDirectory C:\Users\Darshit\OneDrive\Desktop\Ride Booking System\ride-booking-system\src\test\resources
2025-05-29 23:37:22,999 [Worker-76: Building] INFO  o.a.m.s.f.DefaultMavenResourcesFiltering - skip non existing resourceDirectory C:\Users\Darshit\OneDrive\Desktop\Ride Booking System\ride-booking-system\src\main\resources
2025-05-29 23:37:23,002 [Worker-76: Building] INFO  o.a.m.s.f.DefaultMavenResourcesFiltering - skip non existing resourceDirectory C:\Users\Darshit\OneDrive\Desktop\Ride Booking System\ride-booking-system\src\test\resources
2025-05-29 23:37:32,369 [Worker-76: Building] INFO  o.a.m.s.f.DefaultMavenResourcesFiltering - skip non existing resourceDirectory C:\Users\Darshit\OneDrive\Desktop\Ride Booking System\ride-booking-system\src\main\resources
2025-05-29 23:37:32,372 [Worker-76: Building] INFO  o.a.m.s.f.DefaultMavenResourcesFiltering - skip non existing resourceDirectory C:\Users\Darshit\OneDrive\Desktop\Ride Booking System\ride-booking-system\src\test\resources
